
> my-app@0.0.0 check
> tsc -b

api/kimi/auth.ts(105,9): error TS2353: Object literal may only specify known properties, and 'unionId' does not exist in type '{ email: string; passwordHash: string; id?: number | undefined; name?: string | null | undefined; status?: "active" | "inactive" | "suspended" | undefined; createdAt?: Date | undefined; updatedAt?: Date | undefined; avatar?: string | ... 1 more ... | undefined; role?: "user" | ... 1 more ... | undefined; lastSignInA...'.
api/queries/users.ts(11,28): error TS2339: Property 'unionId' does not exist on type 'MySqlTableWithColumns<{ name: "users"; schema: undefined; columns: { id: MySqlColumn<{ name: "id"; tableName: "users"; dataType: "number"; columnType: "MySqlSerial"; data: number; driverParam: number; notNull: true; hasDefault: true; ... 6 more ...; generated: undefined; }, {}, {}>; ... 8 more ...; lastSignInAt: MyS...'.
api/queries/users.ts(25,12): error TS2339: Property 'unionId' does not exist on type '{ email: string; passwordHash: string; id?: number | undefined; name?: string | null | undefined; status?: "active" | "inactive" | "suspended" | undefined; createdAt?: Date | undefined; updatedAt?: Date | undefined; avatar?: string | ... 1 more ... | undefined; role?: "user" | ... 1 more ... | undefined; lastSignInA...'.
api/queries/users.ts(26,12): error TS2339: Property 'unionId' does not exist on type '{ email: string; passwordHash: string; id?: number | undefined; name?: string | null | undefined; status?: "active" | "inactive" | "suspended" | undefined; createdAt?: Date | undefined; updatedAt?: Date | undefined; avatar?: string | ... 1 more ... | undefined; role?: "user" | ... 1 more ... | undefined; lastSignInA...'.
api/synapse-router.ts(31,75): error TS2339: Property 'userId' does not exist on type 'MySqlTableWithColumns<{ name: "documents"; schema: undefined; columns: { id: MySqlColumn<{ name: "id"; tableName: "documents"; dataType: "number"; columnType: "MySqlSerial"; data: number; driverParam: number; notNull: true; hasDefault: true; ... 6 more ...; generated: undefined; }, {}, {}>; ... 11 more ...; updatedA...'.
api/synapse-router.ts(37,72): error TS2769: No overload matches this call.
  Overload 1 of 2, '(value: { name: string | SQL<unknown> | Placeholder<string, any>; category: string | SQL<unknown> | Placeholder<string, any>; date: string | SQL<unknown> | Placeholder<...>; ... 9 more ...; familyMemberId?: number | ... 3 more ... | undefined; }): MySqlInsertBase<...>', gave the following error.
    Object literal may only specify known properties, and 'userId' does not exist in type '{ name: string | SQL<unknown> | Placeholder<string, any>; category: string | SQL<unknown> | Placeholder<string, any>; date: string | SQL<unknown> | Placeholder<string, any>; ... 9 more ...; familyMemberId?: number | ... 3 more ... | undefined; }'.
  Overload 2 of 2, '(values: { name: string | SQL<unknown> | Placeholder<string, any>; category: string | SQL<unknown> | Placeholder<string, any>; date: string | SQL<unknown> | Placeholder<...>; ... 9 more ...; familyMemberId?: number | ... 3 more ... | undefined; }[]): MySqlInsertBase<...>', gave the following error.
    Object literal may only specify known properties, and 'userId' does not exist in type '{ name: string | SQL<unknown> | Placeholder<string, any>; category: string | SQL<unknown> | Placeholder<string, any>; date: string | SQL<unknown> | Placeholder<string, any>; ... 9 more ...; familyMemberId?: number | ... 3 more ... | undefined; }[]'.
api/synapse-router.ts(57,55): error TS2339: Property 'userId' does not exist on type 'MySqlTableWithColumns<{ name: "tasks"; schema: undefined; columns: { id: MySqlColumn<{ name: "id"; tableName: "tasks"; dataType: "number"; columnType: "MySqlSerial"; data: number; driverParam: number; notNull: true; hasDefault: true; ... 6 more ...; generated: undefined; }, {}, {}>; ... 10 more ...; updatedAt: MySql...'.
api/synapse-router.ts(62,68): error TS2769: No overload matches this call.
  Overload 1 of 2, '(value: { title: string | SQL<unknown> | Placeholder<string, any>; dueDate: string | SQL<unknown> | Placeholder<string, any>; householdId: number | SQL<unknown> | Placeholder<...>; ... 8 more ...; familyMemberId?: number | ... 3 more ... | undefined; }): MySqlInsertBase<...>', gave the following error.
    Object literal may only specify known properties, and 'userId' does not exist in type '{ title: string | SQL<unknown> | Placeholder<string, any>; dueDate: string | SQL<unknown> | Placeholder<string, any>; householdId: number | SQL<unknown> | Placeholder<...>; ... 8 more ...; familyMemberId?: number | ... 3 more ... | undefined; }'.
  Overload 2 of 2, '(values: { title: string | SQL<unknown> | Placeholder<string, any>; dueDate: string | SQL<unknown> | Placeholder<string, any>; householdId: number | SQL<unknown> | Placeholder<...>; ... 8 more ...; familyMemberId?: number | ... 3 more ... | undefined; }[]): MySqlInsertBase<...>', gave the following error.
    Object literal may only specify known properties, and 'userId' does not exist in type '{ title: string | SQL<unknown> | Placeholder<string, any>; dueDate: string | SQL<unknown> | Placeholder<string, any>; householdId: number | SQL<unknown> | Placeholder<...>; ... 8 more ...; familyMemberId?: number | ... 3 more ... | undefined; }[]'.
api/synapse-router.ts(82,65): error TS2339: Property 'userId' does not exist on type 'MySqlTableWithColumns<{ name: "inbox_items"; schema: undefined; columns: { id: MySqlColumn<{ name: "id"; tableName: "inbox_items"; dataType: "number"; columnType: "MySqlSerial"; data: number; driverParam: number; notNull: true; ... 7 more ...; generated: undefined; }, {}, {}>; ... 7 more ...; createdAt: MySqlColumn<...'.
api/synapse-router.ts(87,73): error TS2769: No overload matches this call.
  Overload 1 of 2, '(value: { name: string | SQL<unknown> | Placeholder<string, any>; date: string | SQL<unknown> | Placeholder<string, any>; householdId: number | SQL<unknown> | Placeholder<...>; ... 5 more ...; familyMemberId?: number | ... 3 more ... | undefined; }): MySqlInsertBase<...>', gave the following error.
    Object literal may only specify known properties, and 'userId' does not exist in type '{ name: string | SQL<unknown> | Placeholder<string, any>; date: string | SQL<unknown> | Placeholder<string, any>; householdId: number | SQL<unknown> | Placeholder<...>; ... 5 more ...; familyMemberId?: number | ... 3 more ... | undefined; }'.
  Overload 2 of 2, '(values: { name: string | SQL<unknown> | Placeholder<string, any>; date: string | SQL<unknown> | Placeholder<string, any>; householdId: number | SQL<unknown> | Placeholder<...>; ... 5 more ...; familyMemberId?: number | ... 3 more ... | undefined; }[]): MySqlInsertBase<...>', gave the following error.
    Object literal may only specify known properties, and 'userId' does not exist in type '{ name: string | SQL<unknown> | Placeholder<string, any>; date: string | SQL<unknown> | Placeholder<string, any>; householdId: number | SQL<unknown> | Placeholder<...>; ... 5 more ...; familyMemberId?: number | ... 3 more ... | undefined; }[]'.
api/synapse-router.ts(101,73): error TS2339: Property 'userId' does not exist on type 'MySqlTableWithColumns<{ name: "finance_entries"; schema: undefined; columns: { id: MySqlColumn<{ name: "id"; tableName: "finance_entries"; dataType: "number"; columnType: "MySqlSerial"; data: number; driverParam: number; notNull: true; ... 7 more ...; generated: undefined; }, {}, {}>; ... 11 more ...; createdAt: MyS...'.
api/synapse-router.ts(106,77): error TS2769: No overload matches this call.
  Overload 1 of 2, '(value: { category: string | SQL<unknown> | Placeholder<string, any>; date: string | SQL<unknown> | Placeholder<string, any>; title: string | SQL<unknown> | Placeholder<...>; ... 9 more ...; familyMemberId?: number | ... 3 more ... | undefined; }): MySqlInsertBase<...>', gave the following error.
    Object literal may only specify known properties, and 'userId' does not exist in type '{ category: string | SQL<unknown> | Placeholder<string, any>; date: string | SQL<unknown> | Placeholder<string, any>; title: string | SQL<unknown> | Placeholder<string, any>; ... 9 more ...; familyMemberId?: number | ... 3 more ... | undefined; }'.
  Overload 2 of 2, '(values: { category: string | SQL<unknown> | Placeholder<string, any>; date: string | SQL<unknown> | Placeholder<string, any>; title: string | SQL<unknown> | Placeholder<...>; ... 9 more ...; familyMemberId?: number | ... 3 more ... | undefined; }[]): MySqlInsertBase<...>', gave the following error.
    Object literal may only specify known properties, and 'userId' does not exist in type '{ category: string | SQL<unknown> | Placeholder<string, any>; date: string | SQL<unknown> | Placeholder<string, any>; title: string | SQL<unknown> | Placeholder<string, any>; ... 9 more ...; familyMemberId?: number | ... 3 more ... | undefined; }[]'.
api/synapse-router.ts(120,59): error TS2339: Property 'userId' does not exist on type 'MySqlTableWithColumns<{ name: "budgets"; schema: undefined; columns: { id: MySqlColumn<{ name: "id"; tableName: "budgets"; dataType: "number"; columnType: "MySqlSerial"; data: number; driverParam: number; notNull: true; hasDefault: true; ... 6 more ...; generated: undefined; }, {}, {}>; householdId: MySqlColumn<...>...'.
api/synapse-router.ts(125,70): error TS2769: No overload matches this call.
  Overload 1 of 2, '(value: { category: string | SQL<unknown> | Placeholder<string, any>; monthlyLimit: number | SQL<unknown> | Placeholder<string, any>; householdId: number | SQL<...> | Placeholder<...>; id?: number | ... 2 more ... | undefined; createdAt?: Date | ... 2 more ... | undefined; }): MySqlInsertBase<...>', gave the following error.
    Object literal may only specify known properties, and 'userId' does not exist in type '{ category: string | SQL<unknown> | Placeholder<string, any>; monthlyLimit: number | SQL<unknown> | Placeholder<string, any>; householdId: number | SQL<...> | Placeholder<...>; id?: number | ... 2 more ... | undefined; createdAt?: Date | ... 2 more ... | undefined; }'.
  Overload 2 of 2, '(values: { category: string | SQL<unknown> | Placeholder<string, any>; monthlyLimit: number | SQL<unknown> | Placeholder<string, any>; householdId: number | SQL<...> | Placeholder<...>; id?: number | ... 2 more ... | undefined; createdAt?: Date | ... 2 more ... | undefined; }[]): MySqlInsertBase<...>', gave the following error.
    Object literal may only specify known properties, and 'userId' does not exist in type '{ category: string | SQL<unknown> | Placeholder<string, any>; monthlyLimit: number | SQL<unknown> | Placeholder<string, any>; householdId: number | SQL<...> | Placeholder<...>; id?: number | ... 2 more ... | undefined; createdAt?: Date | ... 2 more ... | undefined; }[]'.
api/synapse-router.ts(139,75): error TS2339: Property 'userId' does not exist on type 'MySqlTableWithColumns<{ name: "debt_cases"; schema: undefined; columns: { id: MySqlColumn<{ name: "id"; tableName: "debt_cases"; dataType: "number"; columnType: "MySqlSerial"; data: number; driverParam: number; notNull: true; ... 7 more ...; generated: undefined; }, {}, {}>; ... 14 more ...; closedAt: MySqlColumn<.....'.
api/synapse-router.ts(145,72): error TS2769: No overload matches this call.
  Overload 1 of 2, '(value: { title: string | SQL<unknown> | Placeholder<string, any>; creditor: string | SQL<unknown> | Placeholder<string, any>; originalAmount: number | SQL<...> | Placeholder<...>; ... 12 more ...; familyMemberId?: number | ... 3 more ... | undefined; }): MySqlInsertBase<...>', gave the following error.
    Object literal may only specify known properties, and 'userId' does not exist in type '{ title: string | SQL<unknown> | Placeholder<string, any>; creditor: string | SQL<unknown> | Placeholder<string, any>; originalAmount: number | SQL<unknown> | Placeholder<...>; ... 12 more ...; familyMemberId?: number | ... 3 more ... | undefined; }'.
  Overload 2 of 2, '(values: { title: string | SQL<unknown> | Placeholder<string, any>; creditor: string | SQL<unknown> | Placeholder<string, any>; originalAmount: number | SQL<...> | Placeholder<...>; ... 12 more ...; familyMemberId?: number | ... 3 more ... | undefined; }[]): MySqlInsertBase<...>', gave the following error.
    Object literal may only specify known properties, and 'userId' does not exist in type '{ title: string | SQL<unknown> | Placeholder<string, any>; creditor: string | SQL<unknown> | Placeholder<string, any>; originalAmount: number | SQL<unknown> | Placeholder<...>; ... 12 more ...; familyMemberId?: number | ... 3 more ... | undefined; }[]'.
api/synapse-router.ts(203,71): error TS2339: Property 'userId' does not exist on type 'MySqlTableWithColumns<{ name: "family_members"; schema: undefined; columns: { id: MySqlColumn<{ name: "id"; tableName: "family_members"; dataType: "number"; columnType: "MySqlSerial"; data: number; driverParam: number; notNull: true; ... 7 more ...; generated: undefined; }, {}, {}>; ... 6 more ...; createdAt: MySqlC...'.
api/synapse-router.ts(208,76): error TS2769: No overload matches this call.
  Overload 1 of 2, '(value: { name: string | SQL<unknown> | Placeholder<string, any>; relation: string | SQL<unknown> | Placeholder<string, any>; color: string | SQL<unknown> | Placeholder<...>; ... 4 more ...; createdAt?: Date | ... 2 more ... | undefined; }): MySqlInsertBase<...>', gave the following error.
    Object literal may only specify known properties, and 'userId' does not exist in type '{ name: string | SQL<unknown> | Placeholder<string, any>; relation: string | SQL<unknown> | Placeholder<string, any>; color: string | SQL<unknown> | Placeholder<string, any>; ... 4 more ...; createdAt?: Date | ... 2 more ... | undefined; }'.
  Overload 2 of 2, '(values: { name: string | SQL<unknown> | Placeholder<string, any>; relation: string | SQL<unknown> | Placeholder<string, any>; color: string | SQL<unknown> | Placeholder<...>; ... 4 more ...; createdAt?: Date | ... 2 more ... | undefined; }[]): MySqlInsertBase<...>', gave the following error.
    Object literal may only specify known properties, and 'userId' does not exist in type '{ name: string | SQL<unknown> | Placeholder<string, any>; relation: string | SQL<unknown> | Placeholder<string, any>; color: string | SQL<unknown> | Placeholder<string, any>; ... 4 more ...; createdAt?: Date | ... 2 more ... | undefined; }[]'.
api/synapse-router.ts(222,77): error TS2339: Property 'userId' does not exist on type 'MySqlTableWithColumns<{ name: "custom_categories"; schema: undefined; columns: { id: MySqlColumn<{ name: "id"; tableName: "custom_categories"; dataType: "number"; columnType: "MySqlSerial"; data: number; driverParam: number; ... 8 more ...; generated: undefined; }, {}, {}>; ... 5 more ...; createdAt: MySqlColumn<......'.
api/synapse-router.ts(227,79): error TS2769: No overload matches this call.
  Overload 1 of 2, '(value: { color: string | SQL<unknown> | Placeholder<string, any>; householdId: number | SQL<unknown> | Placeholder<string, any>; label: string | SQL<unknown> | Placeholder<...>; icon: string | ... 1 more ... | Placeholder<...>; id?: number | ... 2 more ... | undefined; createdAt?: Date | ... 2 more ... | undefined; familyMemberId?: number | ... 3 more ... | undefined; }): MySqlInsertBase<...>', gave the following error.
    Object literal may only specify known properties, and 'userId' does not exist in type '{ color: string | SQL<unknown> | Placeholder<string, any>; householdId: number | SQL<unknown> | Placeholder<string, any>; label: string | SQL<unknown> | Placeholder<...>; icon: string | ... 1 more ... | Placeholder<...>; id?: number | ... 2 more ... | undefined; createdAt?: Date | ... 2 more ... | undefined; familyM...'.
  Overload 2 of 2, '(values: { color: string | SQL<unknown> | Placeholder<string, any>; householdId: number | SQL<unknown> | Placeholder<string, any>; label: string | SQL<unknown> | Placeholder<...>; icon: string | ... 1 more ... | Placeholder<...>; id?: number | ... 2 more ... | undefined; createdAt?: Date | ... 2 more ... | undefined; familyMemberId?: number | ... 3 more ... | undefined; }[]): MySqlInsertBase<...>', gave the following error.
    Object literal may only specify known properties, and 'userId' does not exist in type '{ color: string | SQL<unknown> | Placeholder<string, any>; householdId: number | SQL<unknown> | Placeholder<string, any>; label: string | SQL<unknown> | Placeholder<...>; icon: string | ... 1 more ... | Placeholder<...>; id?: number | ... 2 more ... | undefined; createdAt?: Date | ... 2 more ... | undefined; familyM...'.
api/kimi/auth.ts(105,9): error TS2353: Object literal may only specify known properties, and 'unionId' does not exist in type '{ email: string; passwordHash: string; id?: number | undefined; name?: string | null | undefined; avatar?: string | null | undefined; role?: "user" | "admin" | undefined; status?: "active" | "inactive" | "suspended" | undefined; createdAt?: Date | undefined; updatedAt?: Date | undefined; lastSignInAt?: Date | ... 1 ...'.
api/queries/users.ts(11,28): error TS2339: Property 'unionId' does not exist on type 'MySqlTableWithColumns<{ name: "users"; schema: undefined; columns: { id: MySqlColumn<{ name: "id"; tableName: "users"; dataType: "number"; columnType: "MySqlSerial"; data: number; driverParam: number; notNull: true; hasDefault: true; ... 6 more ...; generated: undefined; }, {}, {}>; ... 8 more ...; lastSignInAt: MyS...'.
api/queries/users.ts(25,12): error TS2339: Property 'unionId' does not exist on type '{ email: string; passwordHash: string; id?: number | undefined; name?: string | null | undefined; avatar?: string | null | undefined; role?: "user" | "admin" | undefined; status?: "active" | "inactive" | "suspended" | undefined; createdAt?: Date | undefined; updatedAt?: Date | undefined; lastSignInAt?: Date | ... 1 ...'.
api/queries/users.ts(26,12): error TS2339: Property 'unionId' does not exist on type '{ email: string; passwordHash: string; id?: number | undefined; name?: string | null | undefined; avatar?: string | null | undefined; role?: "user" | "admin" | undefined; status?: "active" | "inactive" | "suspended" | undefined; createdAt?: Date | undefined; updatedAt?: Date | undefined; lastSignInAt?: Date | ... 1 ...'.
api/synapse-router.ts(31,75): error TS2339: Property 'userId' does not exist on type 'MySqlTableWithColumns<{ name: "documents"; schema: undefined; columns: { id: MySqlColumn<{ name: "id"; tableName: "documents"; dataType: "number"; columnType: "MySqlSerial"; data: number; driverParam: number; notNull: true; hasDefault: true; ... 6 more ...; generated: undefined; }, {}, {}>; ... 11 more ...; updatedA...'.
api/synapse-router.ts(37,72): error TS2769: No overload matches this call.
  Overload 1 of 2, '(value: { date: string | SQL<unknown> | Placeholder<string, any>; name: string | SQL<unknown> | Placeholder<string, any>; householdId: number | SQL<unknown> | Placeholder<...>; ... 9 more ...; fileData?: string | ... 3 more ... | undefined; }): MySqlInsertBase<...>', gave the following error.
    Object literal may only specify known properties, and 'userId' does not exist in type '{ date: string | SQL<unknown> | Placeholder<string, any>; name: string | SQL<unknown> | Placeholder<string, any>; householdId: number | SQL<unknown> | Placeholder<...>; ... 9 more ...; fileData?: string | ... 3 more ... | undefined; }'.
  Overload 2 of 2, '(values: { date: string | SQL<unknown> | Placeholder<string, any>; name: string | SQL<unknown> | Placeholder<string, any>; householdId: number | SQL<unknown> | Placeholder<...>; ... 9 more ...; fileData?: string | ... 3 more ... | undefined; }[]): MySqlInsertBase<...>', gave the following error.
    Object literal may only specify known properties, and 'userId' does not exist in type '{ date: string | SQL<unknown> | Placeholder<string, any>; name: string | SQL<unknown> | Placeholder<string, any>; householdId: number | SQL<unknown> | Placeholder<...>; ... 9 more ...; fileData?: string | ... 3 more ... | undefined; }[]'.
api/synapse-router.ts(57,55): error TS2339: Property 'userId' does not exist on type 'MySqlTableWithColumns<{ name: "tasks"; schema: undefined; columns: { id: MySqlColumn<{ name: "id"; tableName: "tasks"; dataType: "number"; columnType: "MySqlSerial"; data: number; driverParam: number; notNull: true; hasDefault: true; ... 6 more ...; generated: undefined; }, {}, {}>; ... 10 more ...; updatedAt: MySql...'.
api/synapse-router.ts(62,68): error TS2769: No overload matches this call.
  Overload 1 of 2, '(value: { householdId: number | SQL<unknown> | Placeholder<string, any>; title: string | SQL<unknown> | Placeholder<string, any>; dueDate: string | SQL<unknown> | Placeholder<...>; ... 8 more ...; priority?: SQL<...> | ... 4 more ... | undefined; }): MySqlInsertBase<...>', gave the following error.
    Object literal may only specify known properties, and 'userId' does not exist in type '{ householdId: number | SQL<unknown> | Placeholder<string, any>; title: string | SQL<unknown> | Placeholder<string, any>; dueDate: string | SQL<unknown> | Placeholder<...>; ... 8 more ...; priority?: SQL<...> | ... 4 more ... | undefined; }'.
  Overload 2 of 2, '(values: { householdId: number | SQL<unknown> | Placeholder<string, any>; title: string | SQL<unknown> | Placeholder<string, any>; dueDate: string | SQL<unknown> | Placeholder<...>; ... 8 more ...; priority?: SQL<...> | ... 4 more ... | undefined; }[]): MySqlInsertBase<...>', gave the following error.
    Object literal may only specify known properties, and 'userId' does not exist in type '{ householdId: number | SQL<unknown> | Placeholder<string, any>; title: string | SQL<unknown> | Placeholder<string, any>; dueDate: string | SQL<unknown> | Placeholder<...>; ... 8 more ...; priority?: SQL<...> | ... 4 more ... | undefined; }[]'.
api/synapse-router.ts(82,65): error TS2339: Property 'userId' does not exist on type 'MySqlTableWithColumns<{ name: "inbox_items"; schema: undefined; columns: { id: MySqlColumn<{ name: "id"; tableName: "inbox_items"; dataType: "number"; columnType: "MySqlSerial"; data: number; driverParam: number; notNull: true; ... 7 more ...; generated: undefined; }, {}, {}>; ... 7 more ...; createdAt: MySqlColumn<...'.
api/synapse-router.ts(87,73): error TS2769: No overload matches this call.
  Overload 1 of 2, '(value: { date: string | SQL<unknown> | Placeholder<string, any>; name: string | SQL<unknown> | Placeholder<string, any>; householdId: number | SQL<unknown> | Placeholder<...>; ... 5 more ...; fileData?: string | ... 3 more ... | undefined; }): MySqlInsertBase<...>', gave the following error.
    Object literal may only specify known properties, and 'userId' does not exist in type '{ date: string | SQL<unknown> | Placeholder<string, any>; name: string | SQL<unknown> | Placeholder<string, any>; householdId: number | SQL<unknown> | Placeholder<...>; ... 5 more ...; fileData?: string | ... 3 more ... | undefined; }'.
  Overload 2 of 2, '(values: { date: string | SQL<unknown> | Placeholder<string, any>; name: string | SQL<unknown> | Placeholder<string, any>; householdId: number | SQL<unknown> | Placeholder<...>; ... 5 more ...; fileData?: string | ... 3 more ... | undefined; }[]): MySqlInsertBase<...>', gave the following error.
    Object literal may only specify known properties, and 'userId' does not exist in type '{ date: string | SQL<unknown> | Placeholder<string, any>; name: string | SQL<unknown> | Placeholder<string, any>; householdId: number | SQL<unknown> | Placeholder<...>; ... 5 more ...; fileData?: string | ... 3 more ... | undefined; }[]'.
api/synapse-router.ts(101,73): error TS2339: Property 'userId' does not exist on type 'MySqlTableWithColumns<{ name: "finance_entries"; schema: undefined; columns: { id: MySqlColumn<{ name: "id"; tableName: "finance_entries"; dataType: "number"; columnType: "MySqlSerial"; data: number; driverParam: number; notNull: true; ... 7 more ...; generated: undefined; }, {}, {}>; ... 11 more ...; createdAt: MyS...'.
api/synapse-router.ts(106,77): error TS2769: No overload matches this call.
  Overload 1 of 2, '(value: { date: string | SQL<unknown> | Placeholder<string, any>; householdId: number | SQL<unknown> | Placeholder<string, any>; category: string | SQL<unknown> | Placeholder<...>; ... 9 more ...; recurringInterval?: string | ... 3 more ... | undefined; }): MySqlInsertBase<...>', gave the following error.
    Object literal may only specify known properties, and 'userId' does not exist in type '{ date: string | SQL<unknown> | Placeholder<string, any>; householdId: number | SQL<unknown> | Placeholder<string, any>; category: string | SQL<unknown> | Placeholder<...>; ... 9 more ...; recurringInterval?: string | ... 3 more ... | undefined; }'.
  Overload 2 of 2, '(values: { date: string | SQL<unknown> | Placeholder<string, any>; householdId: number | SQL<unknown> | Placeholder<string, any>; category: string | SQL<unknown> | Placeholder<...>; ... 9 more ...; recurringInterval?: string | ... 3 more ... | undefined; }[]): MySqlInsertBase<...>', gave the following error.
    Object literal may only specify known properties, and 'userId' does not exist in type '{ date: string | SQL<unknown> | Placeholder<string, any>; householdId: number | SQL<unknown> | Placeholder<string, any>; category: string | SQL<unknown> | Placeholder<...>; ... 9 more ...; recurringInterval?: string | ... 3 more ... | undefined; }[]'.
api/synapse-router.ts(120,59): error TS2339: Property 'userId' does not exist on type 'MySqlTableWithColumns<{ name: "budgets"; schema: undefined; columns: { id: MySqlColumn<{ name: "id"; tableName: "budgets"; dataType: "number"; columnType: "MySqlSerial"; data: number; driverParam: number; notNull: true; hasDefault: true; ... 6 more ...; generated: undefined; }, {}, {}>; householdId: MySqlColumn<...>...'.
api/synapse-router.ts(125,70): error TS2769: No overload matches this call.
  Overload 1 of 2, '(value: { householdId: number | SQL<unknown> | Placeholder<string, any>; category: string | SQL<unknown> | Placeholder<string, any>; monthlyLimit: number | SQL<...> | Placeholder<...>; id?: number | ... 2 more ... | undefined; createdAt?: SQL<...> | ... 2 more ... | undefined; }): MySqlInsertBase<...>', gave the following error.
    Object literal may only specify known properties, and 'userId' does not exist in type '{ householdId: number | SQL<unknown> | Placeholder<string, any>; category: string | SQL<unknown> | Placeholder<string, any>; monthlyLimit: number | SQL<...> | Placeholder<...>; id?: number | ... 2 more ... | undefined; createdAt?: SQL<...> | ... 2 more ... | undefined; }'.
  Overload 2 of 2, '(values: { householdId: number | SQL<unknown> | Placeholder<string, any>; category: string | SQL<unknown> | Placeholder<string, any>; monthlyLimit: number | SQL<...> | Placeholder<...>; id?: number | ... 2 more ... | undefined; createdAt?: SQL<...> | ... 2 more ... | undefined; }[]): MySqlInsertBase<...>', gave the following error.
    Object literal may only specify known properties, and 'userId' does not exist in type '{ householdId: number | SQL<unknown> | Placeholder<string, any>; category: string | SQL<unknown> | Placeholder<string, any>; monthlyLimit: number | SQL<...> | Placeholder<...>; id?: number | ... 2 more ... | undefined; createdAt?: SQL<...> | ... 2 more ... | undefined; }[]'.
api/synapse-router.ts(139,75): error TS2339: Property 'userId' does not exist on type 'MySqlTableWithColumns<{ name: "debt_cases"; schema: undefined; columns: { id: MySqlColumn<{ name: "id"; tableName: "debt_cases"; dataType: "number"; columnType: "MySqlSerial"; data: number; driverParam: number; notNull: true; ... 7 more ...; generated: undefined; }, {}, {}>; ... 14 more ...; closedAt: MySqlColumn<.....'.
api/synapse-router.ts(145,72): error TS2769: No overload matches this call.
  Overload 1 of 2, '(value: { householdId: number | SQL<unknown> | Placeholder<string, any>; title: string | SQL<unknown> | Placeholder<string, any>; creditor: string | SQL<unknown> | Placeholder<...>; ... 12 more ...; closedAt?: SQL<...> | ... 3 more ... | undefined; }): MySqlInsertBase<...>', gave the following error.
    Object literal may only specify known properties, and 'userId' does not exist in type '{ householdId: number | SQL<unknown> | Placeholder<string, any>; title: string | SQL<unknown> | Placeholder<string, any>; creditor: string | SQL<unknown> | Placeholder<...>; ... 12 more ...; closedAt?: SQL<...> | ... 3 more ... | undefined; }'.
  Overload 2 of 2, '(values: { householdId: number | SQL<unknown> | Placeholder<string, any>; title: string | SQL<unknown> | Placeholder<string, any>; creditor: string | SQL<unknown> | Placeholder<...>; ... 12 more ...; closedAt?: SQL<...> | ... 3 more ... | undefined; }[]): MySqlInsertBase<...>', gave the following error.
    Object literal may only specify known properties, and 'userId' does not exist in type '{ householdId: number | SQL<unknown> | Placeholder<string, any>; title: string | SQL<unknown> | Placeholder<string, any>; creditor: string | SQL<unknown> | Placeholder<...>; ... 12 more ...; closedAt?: SQL<...> | ... 3 more ... | undefined; }[]'.
api/synapse-router.ts(203,71): error TS2339: Property 'userId' does not exist on type 'MySqlTableWithColumns<{ name: "family_members"; schema: undefined; columns: { id: MySqlColumn<{ name: "id"; tableName: "family_members"; dataType: "number"; columnType: "MySqlSerial"; data: number; driverParam: number; notNull: true; ... 7 more ...; generated: undefined; }, {}, {}>; ... 6 more ...; createdAt: MySqlC...'.
api/synapse-router.ts(208,76): error TS2769: No overload matches this call.
  Overload 1 of 2, '(value: { name: string | SQL<unknown> | Placeholder<string, any>; householdId: number | SQL<unknown> | Placeholder<string, any>; relation: string | SQL<unknown> | Placeholder<...>; ... 4 more ...; dateOfBirth?: string | ... 3 more ... | undefined; }): MySqlInsertBase<...>', gave the following error.
    Object literal may only specify known properties, and 'userId' does not exist in type '{ name: string | SQL<unknown> | Placeholder<string, any>; householdId: number | SQL<unknown> | Placeholder<string, any>; relation: string | SQL<unknown> | Placeholder<...>; ... 4 more ...; dateOfBirth?: string | ... 3 more ... | undefined; }'.
  Overload 2 of 2, '(values: { name: string | SQL<unknown> | Placeholder<string, any>; householdId: number | SQL<unknown> | Placeholder<string, any>; relation: string | SQL<unknown> | Placeholder<...>; ... 4 more ...; dateOfBirth?: string | ... 3 more ... | undefined; }[]): MySqlInsertBase<...>', gave the following error.
    Object literal may only specify known properties, and 'userId' does not exist in type '{ name: string | SQL<unknown> | Placeholder<string, any>; householdId: number | SQL<unknown> | Placeholder<string, any>; relation: string | SQL<unknown> | Placeholder<...>; ... 4 more ...; dateOfBirth?: string | ... 3 more ... | undefined; }[]'.
api/synapse-router.ts(222,77): error TS2339: Property 'userId' does not exist on type 'MySqlTableWithColumns<{ name: "custom_categories"; schema: undefined; columns: { id: MySqlColumn<{ name: "id"; tableName: "custom_categories"; dataType: "number"; columnType: "MySqlSerial"; data: number; driverParam: number; ... 8 more ...; generated: undefined; }, {}, {}>; ... 5 more ...; createdAt: MySqlColumn<......'.
api/synapse-router.ts(227,79): error TS2769: No overload matches this call.
  Overload 1 of 2, '(value: { householdId: number | SQL<unknown> | Placeholder<string, any>; color: string | SQL<unknown> | Placeholder<string, any>; label: string | SQL<unknown> | Placeholder<...>; icon: string | ... 1 more ... | Placeholder<...>; id?: number | ... 2 more ... | undefined; createdAt?: SQL<...> | ... 2 more ... | undefined; familyMemberId?: number | ... 3 more ... | undefined; }): MySqlInsertBase<...>', gave the following error.
    Object literal may only specify known properties, and 'userId' does not exist in type '{ householdId: number | SQL<unknown> | Placeholder<string, any>; color: string | SQL<unknown> | Placeholder<string, any>; label: string | SQL<unknown> | Placeholder<...>; icon: string | ... 1 more ... | Placeholder<...>; id?: number | ... 2 more ... | undefined; createdAt?: SQL<...> | ... 2 more ... | undefined; fam...'.
  Overload 2 of 2, '(values: { householdId: number | SQL<unknown> | Placeholder<string, any>; color: string | SQL<unknown> | Placeholder<string, any>; label: string | SQL<unknown> | Placeholder<...>; icon: string | ... 1 more ... | Placeholder<...>; id?: number | ... 2 more ... | undefined; createdAt?: SQL<...> | ... 2 more ... | undefined; familyMemberId?: number | ... 3 more ... | undefined; }[]): MySqlInsertBase<...>', gave the following error.
    Object literal may only specify known properties, and 'userId' does not exist in type '{ householdId: number | SQL<unknown> | Placeholder<string, any>; color: string | SQL<unknown> | Placeholder<string, any>; label: string | SQL<unknown> | Placeholder<...>; icon: string | ... 1 more ... | Placeholder<...>; id?: number | ... 2 more ... | undefined; createdAt?: SQL<...> | ... 2 more ... | undefined; fam...'.
